available: 8 nodes (0-7)
node 0 cpus: 0 1 2 3 4 5 6 7 64 65 66 67 68 69 70 71
node 0 size: 32252 MB
node 0 free: 31815 MB
node 1 cpus: 8 9 10 11 12 13 14 15 72 73 74 75 76 77 78 79
node 1 size: 32252 MB
node 1 free: 32039 MB
node 2 cpus: 16 17 18 19 20 21 22 23 80 81 82 83 84 85 86 87
node 2 size: 64222 MB
node 2 free: 64018 MB
node 3 cpus: 24 25 26 27 28 29 30 31 88 89 90 91 92 93 94 95
node 3 size: 64508 MB
node 3 free: 64278 MB
node 4 cpus: 32 33 34 35 36 37 38 39 96 97 98 99 100 101 102 103
node 4 size: 32206 MB
node 4 free: 30765 MB
node 5 cpus: 40 41 42 43 44 45 46 47 104 105 106 107 108 109 110 111
node 5 size: 32207 MB
node 5 free: 32032 MB
node 6 cpus: 48 49 50 51 52 53 54 55 112 113 114 115 116 117 118 119
node 6 size: 64508 MB
node 6 free: 64267 MB
node 7 cpus: 56 57 58 59 60 61 62 63 120 121 122 123 124 125 126 127
node 7 size: 64508 MB
node 7 free: 64299 MB
node distances:
node   0   1   2   3   4   5   6   7 
  0:  10  11  12  12  12  12  12  12 
  1:  11  10  12  12  12  12  12  12 
  2:  12  12  10  11  12  12  12  12 
  3:  12  12  11  10  12  12  12  12 
  4:  12  12  12  12  10  11  12  12 
  5:  12  12  12  12  11  10  12  12 
  6:  12  12  12  12  12  12  10  11 
  7:  12  12  12  12  12  12  11  10
 
