available: 20 nodes (0-19)
node 0 cpus: 0 1 2 3 4 5 6 7 8 9 10 11 12 13 14 15 320 321 322 323 324 325 326 327 328 329 330 331 332 333 334 335
node 0 size: 115605 MB
node 0 free: 115164 MB
node 1 cpus: 16 17 18 19 20 21 22 23 24 25 26 27 28 29 30 31 336 337 338 339 340 341 342 343 344 345 346 347 348 349 350 351
node 1 size: 116116 MB
node 1 free: 115067 MB
node 2 cpus: 48 49 50 51 52 53 54 55 56 57 58 59 60 61 62 63 368 369 370 371 372 373 374 375 376 377 378 379 380 381 382 383
node 2 size: 116114 MB
node 2 free: 115784 MB
node 3 cpus: 64 65 66 67 68 69 70 71 72 73 74 75 76 77 78 79 384 385 386 387 388 389 390 391 392 393 394 395 396 397 398 399
node 3 size: 116114 MB
node 3 free: 115750 MB
node 4 cpus: 32 33 34 35 36 37 38 39 40 41 42 43 44 45 46 47 352 353 354 355 356 357 358 359 360 361 362 363 364 365 366 367
node 4 size: 116110 MB
node 4 free: 115815 MB
node 5 cpus: 80 81 82 83 84 85 86 87 88 89 90 91 92 93 94 95 400 401 402 403 404 405 406 407 408 409 410 411 412 413 414 415
node 5 size: 116114 MB
node 5 free: 115524 MB
node 6 cpus: 96 97 98 99 100 101 102 103 104 105 106 107 108 109 110 111 416 417 418 419 420 421 422 423 424 425 426 427 428 429 430 431
node 6 size: 116114 MB
node 6 free: 115658 MB
node 7 cpus: 144 145 146 147 148 149 150 151 152 153 154 155 156 157 158 159 464 465 466 467 468 469 470 471 472 473 474 475 476 477 478 479
node 7 size: 116110 MB
node 7 free: 115801 MB
node 8 cpus: 112 113 114 115 116 117 118 119 120 121 122 123 124 125 126 127 432 433 434 435 436 437 438 439 440 441 442 443 444 445 446 447
node 8 size: 116114 MB
node 8 free: 115691 MB
node 9 cpus: 128 129 130 131 132 133 134 135 136 137 138 139 140 141 142 143 448 449 450 451 452 453 454 455 456 457 458 459 460 461 462 463
node 9 size: 116116 MB
node 9 free: 115801 MB
node 10 cpus: 160 161 162 163 164 165 166 167 168 169 170 171 172 173 174 175 480 481 482 483 484 485 486 487 488 489 490 491 492 493 494 495
node 10 size: 116114 MB
node 10 free: 115742 MB
node 11 cpus: 176 177 178 179 180 181 182 183 184 185 186 187 188 189 190 191 496 497 498 499 500 501 502 503 504 505 506 507 508 509 510 511
node 11 size: 116116 MB
node 11 free: 115815 MB
node 12 cpus: 192 193 194 195 196 197 198 199 200 201 202 203 204 205 206 207 512 513 514 515 516 517 518 519 520 521 522 523 524 525 526 527
node 12 size: 116110 MB
node 12 free: 115803 MB
node 13 cpus: 208 209 210 211 212 213 214 215 216 217 218 219 220 221 222 223 528 529 530 531 532 533 534 535 536 537 538 539 540 541 542 543
node 13 size: 116114 MB
node 13 free: 115372 MB
node 14 cpus: 224 225 226 227 228 229 230 231 232 233 234 235 236 237 238 239 544 545 546 547 548 549 550 551 552 553 554 555 556 557 558 559
node 14 size: 116114 MB
node 14 free: 115822 MB
node 15 cpus: 240 241 242 243 244 245 246 247 248 249 250 251 252 253 254 255 560 561 562 563 564 565 566 567 568 569 570 571 572 573 574 575
node 15 size: 116114 MB
node 15 free: 115600 MB
node 16 cpus: 256 257 258 259 260 261 262 263 264 265 266 267 268 269 270 271 576 577 578 579 580 581 582 583 584 585 586 587 588 589 590 591
node 16 size: 116114 MB
node 16 free: 115792 MB
node 17 cpus: 272 273 274 275 276 277 278 279 280 281 282 283 284 285 286 287 592 593 594 595 596 597 598 599 600 601 602 603 604 605 606 607
node 17 size: 116114 MB
node 17 free: 115794 MB
node 18 cpus: 288 289 290 291 292 293 294 295 296 297 298 299 300 301 302 303 608 609 610 611 612 613 614 615 616 617 618 619 620 621 622 623
node 18 size: 116076 MB
node 18 free: 115764 MB
node 19 cpus: 304 305 306 307 308 309 310 311 312 313 314 315 316 317 318 319 624 625 626 627 628 629 630 631 632 633 634 635 636 637 638 639
node 19 size: 106864 MB
node 19 free: 106502 MB
node distances:
node   0   1   2   3   4   5   6   7   8   9  10  11  12  13  14  15  16  17  18  19 
  0:  10  11  11  11  11  12  12  12  12  12  32  32  32  32  32  32  32  32  32  32 
  1:  11  10  11  11  11  12  12  12  12  12  32  32  32  32  32  32  32  32  32  32 
  2:  11  11  10  11  11  12  12  12  12  12  32  32  32  32  32  32  32  32  32  32 
  3:  11  11  11  10  11  12  12  12  12  12  32  32  32  32  32  32  32  32  32  32 
  4:  11  11  11  11  10  12  12  12  12  12  32  32  32  32  32  32  32  32  32  32 
  5:  12  12  12  12  12  10  11  11  11  11  32  32  32  32  32  32  32  32  32  32 
  6:  12  12  12  12  12  11  10  11  11  11  32  32  32  32  32  32  32  32  32  32 
  7:  12  12  12  12  12  11  11  10  11  11  32  32  32  32  32  32  32  32  32  32 
  8:  12  12  12  12  12  11  11  11  10  11  32  32  32  32  32  32  32  32  32  32 
  9:  12  12  12  12  12  11  11  11  11  10  32  32  32  32  32  32  32  32  32  32 
 10:  32  32  32  32  32  32  32  32  32  32  10  11  11  11  11  12  12  12  12  12 
 11:  32  32  32  32  32  32  32  32  32  32  11  10  11  11  11  12  12  12  12  12 
 12:  32  32  32  32  32  32  32  32  32  32  11  11  10  11  11  12  12  12  12  12 
 13:  32  32  32  32  32  32  32  32  32  32  11  11  11  10  11  12  12  12  12  12 
 14:  32  32  32  32  32  32  32  32  32  32  11  11  11  11  10  12  12  12  12  12 
 15:  32  32  32  32  32  32  32  32  32  32  12  12  12  12  12  10  11  11  11  11 
 16:  32  32  32  32  32  32  32  32  32  32  12  12  12  12  12  11  10  11  11  11 
 17:  32  32  32  32  32  32  32  32  32  32  12  12  12  12  12  11  11  10  11  11 
 18:  32  32  32  32  32  32  32  32  32  32  12  12  12  12  12  11  11  11  10  11 
 19:  32  32  32  32  32  32  32  32  32  32  12  12  12  12  12  11  11  11  11  10 